{
  "desc": "A function which contains parameters expressed\nwith type before param name.", 
  "filename": "tests/params_type_first_newline.js", 
  "functions": [
    {
      "desc": "a function which converts URLs to filenames.", 
      "name": "toFilename", 
      "params": [
        {
          "desc": "The url to convert", 
          "name": "url", 
          "type": "string"
        }
      ]
    }
  ], 
  "module": "params_type_first_newline"
}
